desc: --massif-out-file=ms_Classic-McEliece-348864.out
cmd: ./mem_kem Classic-McEliece-348864
time_unit: i
#-----------
snapshot=0
#-----------
time=0
mem_heap_B=0
mem_heap_extra_B=0
mem_stacks_B=0
heap_tree=empty
#-----------
snapshot=1
#-----------
time=1797229
mem_heap_B=112
mem_heap_extra_B=8
mem_stacks_B=0
heap_tree=empty
#-----------
snapshot=2
#-----------
time=1946874
mem_heap_B=279237
mem_heap_extra_B=5427
mem_stacks_B=0
heap_tree=empty
#-----------
snapshot=3
#-----------
time=2131456
mem_heap_B=290165
mem_heap_extra_B=11347
mem_stacks_B=0
heap_tree=empty
#-----------
snapshot=4
#-----------
time=2359726
mem_heap_B=304437
mem_heap_extra_B=18131
mem_stacks_B=0
heap_tree=empty
#-----------
snapshot=5
#-----------
time=2662921
mem_heap_B=322679
mem_heap_extra_B=25585
mem_stacks_B=0
heap_tree=empty
#-----------
snapshot=6
#-----------
time=2824306
mem_heap_B=327348
mem_heap_extra_B=28524
mem_stacks_B=0
heap_tree=empty
#-----------
snapshot=7
#-----------
time=3095020
mem_heap_B=330307
mem_heap_extra_B=33557
mem_stacks_B=0
heap_tree=empty
#-----------
snapshot=8
#-----------
time=3283598
mem_heap_B=319017
mem_heap_extra_B=25743
mem_stacks_B=0
heap_tree=empty
#-----------
snapshot=9
#-----------
time=3517140
mem_heap_B=326697
mem_heap_extra_B=30351
mem_stacks_B=0
heap_tree=empty
#-----------
snapshot=10
#-----------
time=3671395
mem_heap_B=329366
mem_heap_extra_B=32170
mem_stacks_B=0
heap_tree=detailed
n7: 329366 (heap allocation functions) malloc/new/new[], --alloc-fns, etc.
 n0: 261120 0x109263: main (in /home/anss/random/bench/mem_kem)
 n3: 40008 0x6248625: OPENSSL_LH_insert (in /usr/lib/x86_64-linux-gnu/libcrypto.so.3)
  n2: 33912 0x6339B72: ??? (in /usr/lib/x86_64-linux-gnu/libcrypto.so.3)
   n1: 31944 0x6206BEF: ERR_load_strings_const (in /usr/lib/x86_64-linux-gnu/libcrypto.so.3)
    n0: 31944 in 33 places, all below massif's threshold (1.00%)
   n0: 1968 in 2 places, all below massif's threshold (1.00%)
  n1: 5424 0x626961A: OBJ_NAME_add (in /usr/lib/x86_64-linux-gnu/libcrypto.so.3)
   n0: 5424 in 57 places, all below massif's threshold (1.00%)
  n0: 672 in 4 places, all below massif's threshold (1.00%)
 n2: 9216 0x62485D3: OPENSSL_LH_insert (in /usr/lib/x86_64-linux-gnu/libcrypto.so.3)
  n2: 8192 0x6339B72: ??? (in /usr/lib/x86_64-linux-gnu/libcrypto.so.3)
   n2: 8192 0x6206BEF: ERR_load_strings_const (in /usr/lib/x86_64-linux-gnu/libcrypto.so.3)
    n1: 8192 0x62598DE: ??? (in /usr/lib/x86_64-linux-gnu/libcrypto.so.3)
     n1: 8192 0x5F0BEE7: __pthread_once_slow (pthread_once.c:116)
      n1: 8192 0x625E1EC: CRYPTO_THREAD_run_once (in /usr/lib/x86_64-linux-gnu/libcrypto.so.3)
       n1: 8192 0x625AEE2: OPENSSL_init_crypto (in /usr/lib/x86_64-linux-gnu/libcrypto.so.3)
        n1: 8192 0x6208686: ??? (in /usr/lib/x86_64-linux-gnu/libcrypto.so.3)
         n1: 8192 0x620904C: ERR_set_mark (in /usr/lib/x86_64-linux-gnu/libcrypto.so.3)
          n1: 8192 0x61B5451: CONF_modules_load_file_ex (in /usr/lib/x86_64-linux-gnu/libcrypto.so.3)
           n1: 8192 0x625A6EF: ??? (in /usr/lib/x86_64-linux-gnu/libcrypto.so.3)
            n1: 8192 0x5F0BEE7: __pthread_once_slow (pthread_once.c:116)
             n1: 8192 0x625E1EC: CRYPTO_THREAD_run_once (in /usr/lib/x86_64-linux-gnu/libcrypto.so.3)
              n1: 8192 0x625B155: OPENSSL_init_crypto (in /usr/lib/x86_64-linux-gnu/libcrypto.so.3)
               n1: 8192 0x63307AC: ??? (in /usr/lib/x86_64-linux-gnu/libcrypto.so.3)
                n1: 8192 0x62853A4: RAND_get_rand_method (in /usr/lib/x86_64-linux-gnu/libcrypto.so.3)
                 n1: 8192 0x6285EC9: RAND_status (in /usr/lib/x86_64-linux-gnu/libcrypto.so.3)
                  n1: 8192 0x5C962CF: OQS_randombytes_openssl (in /home/anss/random/bench/install/lib/liboqs.so.0.15.0)
                   n1: 8192 0x49AABFF: PQCLEAN_MCELIECE348864_AVX2_crypto_kem_keypair (in /home/anss/random/bench/install/lib/liboqs.so.0.15.0)
                    n0: 8192 0x1092FB: main (in /home/anss/random/bench/mem_kem)
    n0: 0 in 3 places, all below massif's threshold (1.00%)
   n0: 0 in 2 places, all below massif's threshold (1.00%)
  n0: 1024 in 2 places, all below massif's threshold (1.00%)
 n0: 6492 0x109277: main (in /home/anss/random/bench/mem_kem)
 n1: 5688 0x6252C3D: CRYPTO_zalloc (in /usr/lib/x86_64-linux-gnu/libcrypto.so.3)
  n0: 5688 in 20 places, all below massif's threshold (1.00%)
 n1: 5424 0x62695D8: OBJ_NAME_add (in /usr/lib/x86_64-linux-gnu/libcrypto.so.3)
  n0: 5424 in 208 places, all below massif's threshold (1.00%)
 n0: 1418 in 20 places, all below massif's threshold (1.00%)
#-----------
snapshot=11
#-----------
time=3866706
mem_heap_B=331165
mem_heap_extra_B=33339
mem_stacks_B=0
heap_tree=empty
#-----------
snapshot=12
#-----------
time=4177218
mem_heap_B=333522
mem_heap_extra_B=34846
mem_stacks_B=0
heap_tree=empty
#-----------
snapshot=13
#-----------
time=4370203
mem_heap_B=334960
mem_heap_extra_B=35848
mem_stacks_B=0
heap_tree=empty
#-----------
snapshot=14
#-----------
time=4610654
mem_heap_B=336912
mem_heap_extra_B=36880
mem_stacks_B=0
heap_tree=empty
#-----------
snapshot=15
#-----------
time=4727008
mem_heap_B=337789
mem_heap_extra_B=37499
mem_stacks_B=0
heap_tree=empty
#-----------
snapshot=16
#-----------
time=4932956
mem_heap_B=338711
mem_heap_extra_B=38153
mem_stacks_B=0
heap_tree=empty
#-----------
snapshot=17
#-----------
time=5212909
mem_heap_B=340324
mem_heap_extra_B=39332
mem_stacks_B=0
heap_tree=empty
#-----------
snapshot=18
#-----------
time=5409496
mem_heap_B=341068
mem_heap_extra_B=39876
mem_stacks_B=0
heap_tree=empty
#-----------
snapshot=19
#-----------
time=5695805
mem_heap_B=343001
mem_heap_extra_B=41351
mem_stacks_B=0
heap_tree=detailed
n8: 343001 (heap allocation functions) malloc/new/new[], --alloc-fns, etc.
 n0: 261120 0x109263: main (in /home/anss/random/bench/mem_kem)
 n4: 45480 0x6248625: OPENSSL_LH_insert (in /usr/lib/x86_64-linux-gnu/libcrypto.so.3)
  n2: 33912 0x6339B72: ??? (in /usr/lib/x86_64-linux-gnu/libcrypto.so.3)
   n1: 31944 0x6206BEF: ERR_load_strings_const (in /usr/lib/x86_64-linux-gnu/libcrypto.so.3)
    n0: 31944 in 33 places, all below massif's threshold (1.00%)
   n0: 1968 in 2 places, all below massif's threshold (1.00%)
  n1: 5952 0x62559E2: ??? (in /usr/lib/x86_64-linux-gnu/libcrypto.so.3)
   n0: 5952 in 2 places, all below massif's threshold (1.00%)
  n1: 5424 0x626961A: OBJ_NAME_add (in /usr/lib/x86_64-linux-gnu/libcrypto.so.3)
   n0: 5424 in 57 places, all below massif's threshold (1.00%)
  n0: 192 in 3 places, all below massif's threshold (1.00%)
 n2: 10240 0x62485D3: OPENSSL_LH_insert (in /usr/lib/x86_64-linux-gnu/libcrypto.so.3)
  n2: 8192 0x6339B72: ??? (in /usr/lib/x86_64-linux-gnu/libcrypto.so.3)
   n2: 8192 0x6206BEF: ERR_load_strings_const (in /usr/lib/x86_64-linux-gnu/libcrypto.so.3)
    n1: 8192 0x62598DE: ??? (in /usr/lib/x86_64-linux-gnu/libcrypto.so.3)
     n1: 8192 0x5F0BEE7: __pthread_once_slow (pthread_once.c:116)
      n1: 8192 0x625E1EC: CRYPTO_THREAD_run_once (in /usr/lib/x86_64-linux-gnu/libcrypto.so.3)
       n1: 8192 0x625AEE2: OPENSSL_init_crypto (in /usr/lib/x86_64-linux-gnu/libcrypto.so.3)
        n1: 8192 0x6208686: ??? (in /usr/lib/x86_64-linux-gnu/libcrypto.so.3)
         n1: 8192 0x620904C: ERR_set_mark (in /usr/lib/x86_64-linux-gnu/libcrypto.so.3)
          n1: 8192 0x61B5451: CONF_modules_load_file_ex (in /usr/lib/x86_64-linux-gnu/libcrypto.so.3)
           n1: 8192 0x625A6EF: ??? (in /usr/lib/x86_64-linux-gnu/libcrypto.so.3)
            n1: 8192 0x5F0BEE7: __pthread_once_slow (pthread_once.c:116)
             n1: 8192 0x625E1EC: CRYPTO_THREAD_run_once (in /usr/lib/x86_64-linux-gnu/libcrypto.so.3)
              n1: 8192 0x625B155: OPENSSL_init_crypto (in /usr/lib/x86_64-linux-gnu/libcrypto.so.3)
               n1: 8192 0x63307AC: ??? (in /usr/lib/x86_64-linux-gnu/libcrypto.so.3)
                n1: 8192 0x62853A4: RAND_get_rand_method (in /usr/lib/x86_64-linux-gnu/libcrypto.so.3)
                 n1: 8192 0x6285EC9: RAND_status (in /usr/lib/x86_64-linux-gnu/libcrypto.so.3)
                  n1: 8192 0x5C962CF: OQS_randombytes_openssl (in /home/anss/random/bench/install/lib/liboqs.so.0.15.0)
                   n1: 8192 0x49AABFF: PQCLEAN_MCELIECE348864_AVX2_crypto_kem_keypair (in /home/anss/random/bench/install/lib/liboqs.so.0.15.0)
                    n0: 8192 0x1092FB: main (in /home/anss/random/bench/mem_kem)
    n0: 0 in 3 places, all below massif's threshold (1.00%)
   n0: 0 in 2 places, all below massif's threshold (1.00%)
  n0: 2048 in 3 places, all below massif's threshold (1.00%)
 n2: 9208 0x6252C3D: CRYPTO_zalloc (in /usr/lib/x86_64-linux-gnu/libcrypto.so.3)
  n0: 5240 in 19 places, all below massif's threshold (1.00%)
  n1: 3968 0x62559A6: ??? (in /usr/lib/x86_64-linux-gnu/libcrypto.so.3)
   n0: 3968 in 2 places, all below massif's threshold (1.00%)
 n0: 6492 0x109277: main (in /home/anss/random/bench/mem_kem)
 n1: 5424 0x62695D8: OBJ_NAME_add (in /usr/lib/x86_64-linux-gnu/libcrypto.so.3)
  n0: 5424 in 208 places, all below massif's threshold (1.00%)
 n2: 3952 0x6253C72: CRYPTO_strndup (in /usr/lib/x86_64-linux-gnu/libcrypto.so.3)
  n1: 3947 0x62559C1: ??? (in /usr/lib/x86_64-linux-gnu/libcrypto.so.3)
   n0: 3947 in 2 places, all below massif's threshold (1.00%)
  n0: 5 in 1 place, below massif's threshold (1.00%)
 n0: 1085 in 19 places, all below massif's threshold (1.00%)
#-----------
snapshot=20
#-----------
time=5949467
mem_heap_B=482999
mem_heap_extra_B=43097
mem_stacks_B=0
heap_tree=empty
#-----------
snapshot=21
#-----------
time=6160355
mem_heap_B=556584
mem_heap_extra_B=44056
mem_stacks_B=0
heap_tree=detailed
n6: 556584 (heap allocation functions) malloc/new/new[], --alloc-fns, etc.
 n0: 261120 0x109263: main (in /home/anss/random/bench/mem_kem)
 n3: 217696 0x6252C3D: CRYPTO_zalloc (in /usr/lib/x86_64-linux-gnu/libcrypto.so.3)
  n1: 131072 0x625DFC4: ??? (in /usr/lib/x86_64-linux-gnu/libcrypto.so.3)
   n1: 131072 0x6284365: ??? (in /usr/lib/x86_64-linux-gnu/libcrypto.so.3)
    n1: 131072 0x6227DB9: ??? (in /usr/lib/x86_64-linux-gnu/libcrypto.so.3)
     n1: 131072 0x6247CFB: ??? (in /usr/lib/x86_64-linux-gnu/libcrypto.so.3)
      n1: 131072 0x6247BBB: ??? (in /usr/lib/x86_64-linux-gnu/libcrypto.so.3)
       n1: 131072 0x62672DA: ??? (in /usr/lib/x86_64-linux-gnu/libcrypto.so.3)
        n1: 131072 0x63309E7: ??? (in /usr/lib/x86_64-linux-gnu/libcrypto.so.3)
         n2: 131072 0x633103D: ??? (in /usr/lib/x86_64-linux-gnu/libcrypto.so.3)
          n1: 98304 0x6228652: EVP_CIPHER_fetch (in /usr/lib/x86_64-linux-gnu/libcrypto.so.3)
           n1: 98304 0x631B6C4: ??? (in /usr/lib/x86_64-linux-gnu/libcrypto.so.3)
            n1: 98304 0x631BB22: ??? (in /usr/lib/x86_64-linux-gnu/libcrypto.so.3)
             n1: 98304 0x6233AD7: EVP_RAND_instantiate (in /usr/lib/x86_64-linux-gnu/libcrypto.so.3)
              n1: 98304 0x6285A91: ??? (in /usr/lib/x86_64-linux-gnu/libcrypto.so.3)
               n1: 98304 0x6285C2B: RAND_get0_primary (in /usr/lib/x86_64-linux-gnu/libcrypto.so.3)
                n1: 98304 0x6285EF6: RAND_status (in /usr/lib/x86_64-linux-gnu/libcrypto.so.3)
                 n1: 98304 0x5C962CF: OQS_randombytes_openssl (in /home/anss/random/bench/install/lib/liboqs.so.0.15.0)
                  n1: 98304 0x49AABFF: PQCLEAN_MCELIECE348864_AVX2_crypto_kem_keypair (in /home/anss/random/bench/install/lib/liboqs.so.0.15.0)
                   n0: 98304 0x1092FB: main (in /home/anss/random/bench/mem_kem)
          n1: 32768 0x62336C2: EVP_RAND_fetch (in /usr/lib/x86_64-linux-gnu/libcrypto.so.3)
           n1: 32768 0x6285CDB: RAND_get0_primary (in /usr/lib/x86_64-linux-gnu/libcrypto.so.3)
            n1: 32768 0x6285EF6: RAND_status (in /usr/lib/x86_64-linux-gnu/libcrypto.so.3)
             n1: 32768 0x5C962CF: OQS_randombytes_openssl (in /home/anss/random/bench/install/lib/liboqs.so.0.15.0)
              n1: 32768 0x49AABFF: PQCLEAN_MCELIECE348864_AVX2_crypto_kem_keypair (in /home/anss/random/bench/install/lib/liboqs.so.0.15.0)
               n0: 32768 0x1092FB: main (in /home/anss/random/bench/mem_kem)
  n1: 65536 0x625DF52: ??? (in /usr/lib/x86_64-linux-gnu/libcrypto.so.3)
   n1: 65536 0x6284365: ??? (in /usr/lib/x86_64-linux-gnu/libcrypto.so.3)
    n1: 65536 0x6227DB9: ??? (in /usr/lib/x86_64-linux-gnu/libcrypto.so.3)
     n1: 65536 0x6247CFB: ??? (in /usr/lib/x86_64-linux-gnu/libcrypto.so.3)
      n1: 65536 0x6247BBB: ??? (in /usr/lib/x86_64-linux-gnu/libcrypto.so.3)
       n1: 65536 0x62672DA: ??? (in /usr/lib/x86_64-linux-gnu/libcrypto.so.3)
        n1: 65536 0x63309E7: ??? (in /usr/lib/x86_64-linux-gnu/libcrypto.so.3)
         n1: 65536 0x633103D: ??? (in /usr/lib/x86_64-linux-gnu/libcrypto.so.3)
          n1: 65536 0x62336C2: EVP_RAND_fetch (in /usr/lib/x86_64-linux-gnu/libcrypto.so.3)
           n1: 65536 0x6285CDB: RAND_get0_primary (in /usr/lib/x86_64-linux-gnu/libcrypto.so.3)
            n1: 65536 0x6285EF6: RAND_status (in /usr/lib/x86_64-linux-gnu/libcrypto.so.3)
             n1: 65536 0x5C962CF: OQS_randombytes_openssl (in /home/anss/random/bench/install/lib/liboqs.so.0.15.0)
              n1: 65536 0x49AABFF: PQCLEAN_MCELIECE348864_AVX2_crypto_kem_keypair (in /home/anss/random/bench/install/lib/liboqs.so.0.15.0)
               n0: 65536 0x1092FB: main (in /home/anss/random/bench/mem_kem)
  n0: 21088 in 32 places, all below massif's threshold (1.00%)
 n3: 46008 0x6248625: OPENSSL_LH_insert (in /usr/lib/x86_64-linux-gnu/libcrypto.so.3)
  n2: 33912 0x6339B72: ??? (in /usr/lib/x86_64-linux-gnu/libcrypto.so.3)
   n1: 31944 0x6206BEF: ERR_load_strings_const (in /usr/lib/x86_64-linux-gnu/libcrypto.so.3)
    n0: 31944 in 33 places, all below massif's threshold (1.00%)
   n0: 1968 in 2 places, all below massif's threshold (1.00%)
  n1: 6384 0x62559E2: ??? (in /usr/lib/x86_64-linux-gnu/libcrypto.so.3)
   n0: 6384 in 3 places, all below massif's threshold (1.00%)
  n0: 5712 in 6 places, all below massif's threshold (1.00%)
 n0: 14004 in 32 places, all below massif's threshold (1.00%)
 n2: 11264 0x62485D3: OPENSSL_LH_insert (in /usr/lib/x86_64-linux-gnu/libcrypto.so.3)
  n2: 8192 0x6339B72: ??? (in /usr/lib/x86_64-linux-gnu/libcrypto.so.3)
   n2: 8192 0x6206BEF: ERR_load_strings_const (in /usr/lib/x86_64-linux-gnu/libcrypto.so.3)
    n1: 8192 0x62598DE: ??? (in /usr/lib/x86_64-linux-gnu/libcrypto.so.3)
     n1: 8192 0x5F0BEE7: __pthread_once_slow (pthread_once.c:116)
      n1: 8192 0x625E1EC: CRYPTO_THREAD_run_once (in /usr/lib/x86_64-linux-gnu/libcrypto.so.3)
       n1: 8192 0x625AEE2: OPENSSL_init_crypto (in /usr/lib/x86_64-linux-gnu/libcrypto.so.3)
        n1: 8192 0x6208686: ??? (in /usr/lib/x86_64-linux-gnu/libcrypto.so.3)
         n1: 8192 0x620904C: ERR_set_mark (in /usr/lib/x86_64-linux-gnu/libcrypto.so.3)
          n1: 8192 0x61B5451: CONF_modules_load_file_ex (in /usr/lib/x86_64-linux-gnu/libcrypto.so.3)
           n1: 8192 0x625A6EF: ??? (in /usr/lib/x86_64-linux-gnu/libcrypto.so.3)
            n1: 8192 0x5F0BEE7: __pthread_once_slow (pthread_once.c:116)
             n1: 8192 0x625E1EC: CRYPTO_THREAD_run_once (in /usr/lib/x86_64-linux-gnu/libcrypto.so.3)
              n1: 8192 0x625B155: OPENSSL_init_crypto (in /usr/lib/x86_64-linux-gnu/libcrypto.so.3)
               n1: 8192 0x63307AC: ??? (in /usr/lib/x86_64-linux-gnu/libcrypto.so.3)
                n1: 8192 0x62853A4: RAND_get_rand_method (in /usr/lib/x86_64-linux-gnu/libcrypto.so.3)
                 n1: 8192 0x6285EC9: RAND_status (in /usr/lib/x86_64-linux-gnu/libcrypto.so.3)
                  n1: 8192 0x5C962CF: OQS_randombytes_openssl (in /home/anss/random/bench/install/lib/liboqs.so.0.15.0)
                   n1: 8192 0x49AABFF: PQCLEAN_MCELIECE348864_AVX2_crypto_kem_keypair (in /home/anss/random/bench/install/lib/liboqs.so.0.15.0)
                    n0: 8192 0x1092FB: main (in /home/anss/random/bench/mem_kem)
    n0: 0 in 3 places, all below massif's threshold (1.00%)
   n0: 0 in 2 places, all below massif's threshold (1.00%)
  n0: 3072 in 3 places, all below massif's threshold (1.00%)
 n0: 6492 0x109277: main (in /home/anss/random/bench/mem_kem)
#-----------
snapshot=22
#-----------
time=6289269
mem_heap_B=591008
mem_heap_extra_B=44552
mem_stacks_B=0
heap_tree=empty
#-----------
snapshot=23
#-----------
time=6474105
mem_heap_B=631464
mem_heap_extra_B=45824
mem_stacks_B=0
heap_tree=empty
#-----------
snapshot=24
#-----------
time=6770637
mem_heap_B=675168
mem_heap_extra_B=47472
mem_stacks_B=0
heap_tree=empty
#-----------
snapshot=25
#-----------
time=7048276
mem_heap_B=685094
mem_heap_extra_B=49546
mem_stacks_B=0
heap_tree=empty
#-----------
snapshot=26
#-----------
time=7231001
mem_heap_B=726798
mem_heap_extra_B=50634
mem_stacks_B=0
heap_tree=detailed
n5: 726798 (heap allocation functions) malloc/new/new[], --alloc-fns, etc.
 n6: 383248 0x6252C3D: CRYPTO_zalloc (in /usr/lib/x86_64-linux-gnu/libcrypto.so.3)
  n1: 262144 0x625DFC4: ??? (in /usr/lib/x86_64-linux-gnu/libcrypto.so.3)
   n1: 262144 0x6284365: ??? (in /usr/lib/x86_64-linux-gnu/libcrypto.so.3)
    n1: 262144 0x6227DB9: ??? (in /usr/lib/x86_64-linux-gnu/libcrypto.so.3)
     n1: 262144 0x6247CFB: ??? (in /usr/lib/x86_64-linux-gnu/libcrypto.so.3)
      n1: 262144 0x6247BBB: ??? (in /usr/lib/x86_64-linux-gnu/libcrypto.so.3)
       n1: 262144 0x62672DA: ??? (in /usr/lib/x86_64-linux-gnu/libcrypto.so.3)
        n1: 262144 0x63309E7: ??? (in /usr/lib/x86_64-linux-gnu/libcrypto.so.3)
         n2: 262144 0x633103D: ??? (in /usr/lib/x86_64-linux-gnu/libcrypto.so.3)
          n1: 229376 0x6228652: EVP_CIPHER_fetch (in /usr/lib/x86_64-linux-gnu/libcrypto.so.3)
           n1: 229376 0x631B6C4: ??? (in /usr/lib/x86_64-linux-gnu/libcrypto.so.3)
            n1: 229376 0x631BB22: ??? (in /usr/lib/x86_64-linux-gnu/libcrypto.so.3)
             n1: 229376 0x6233AD7: EVP_RAND_instantiate (in /usr/lib/x86_64-linux-gnu/libcrypto.so.3)
              n1: 229376 0x6285A91: ??? (in /usr/lib/x86_64-linux-gnu/libcrypto.so.3)
               n1: 229376 0x6285C2B: RAND_get0_primary (in /usr/lib/x86_64-linux-gnu/libcrypto.so.3)
                n1: 229376 0x6285EF6: RAND_status (in /usr/lib/x86_64-linux-gnu/libcrypto.so.3)
                 n1: 229376 0x5C962CF: OQS_randombytes_openssl (in /home/anss/random/bench/install/lib/liboqs.so.0.15.0)
                  n1: 229376 0x49AABFF: PQCLEAN_MCELIECE348864_AVX2_crypto_kem_keypair (in /home/anss/random/bench/install/lib/liboqs.so.0.15.0)
                   n0: 229376 0x1092FB: main (in /home/anss/random/bench/mem_kem)
          n1: 32768 0x62336C2: EVP_RAND_fetch (in /usr/lib/x86_64-linux-gnu/libcrypto.so.3)
           n1: 32768 0x6285CDB: RAND_get0_primary (in /usr/lib/x86_64-linux-gnu/libcrypto.so.3)
            n1: 32768 0x6285EF6: RAND_status (in /usr/lib/x86_64-linux-gnu/libcrypto.so.3)
             n1: 32768 0x5C962CF: OQS_randombytes_openssl (in /home/anss/random/bench/install/lib/liboqs.so.0.15.0)
              n1: 32768 0x49AABFF: PQCLEAN_MCELIECE348864_AVX2_crypto_kem_keypair (in /home/anss/random/bench/install/lib/liboqs.so.0.15.0)
               n0: 32768 0x1092FB: main (in /home/anss/random/bench/mem_kem)
  n1: 65536 0x625DF52: ??? (in /usr/lib/x86_64-linux-gnu/libcrypto.so.3)
   n1: 65536 0x6284365: ??? (in /usr/lib/x86_64-linux-gnu/libcrypto.so.3)
    n1: 65536 0x6227DB9: ??? (in /usr/lib/x86_64-linux-gnu/libcrypto.so.3)
     n1: 65536 0x6247CFB: ??? (in /usr/lib/x86_64-linux-gnu/libcrypto.so.3)
      n1: 65536 0x6247BBB: ??? (in /usr/lib/x86_64-linux-gnu/libcrypto.so.3)
       n1: 65536 0x62672DA: ??? (in /usr/lib/x86_64-linux-gnu/libcrypto.so.3)
        n1: 65536 0x63309E7: ??? (in /usr/lib/x86_64-linux-gnu/libcrypto.so.3)
         n1: 65536 0x633103D: ??? (in /usr/lib/x86_64-linux-gnu/libcrypto.so.3)
          n1: 65536 0x62336C2: EVP_RAND_fetch (in /usr/lib/x86_64-linux-gnu/libcrypto.so.3)
           n1: 65536 0x6285CDB: RAND_get0_primary (in /usr/lib/x86_64-linux-gnu/libcrypto.so.3)
            n1: 65536 0x6285EF6: RAND_status (in /usr/lib/x86_64-linux-gnu/libcrypto.so.3)
             n1: 65536 0x5C962CF: OQS_randombytes_openssl (in /home/anss/random/bench/install/lib/liboqs.so.0.15.0)
              n1: 65536 0x49AABFF: PQCLEAN_MCELIECE348864_AVX2_crypto_kem_keypair (in /home/anss/random/bench/install/lib/liboqs.so.0.15.0)
               n0: 65536 0x1092FB: main (in /home/anss/random/bench/mem_kem)
  n0: 20432 in 29 places, all below massif's threshold (1.00%)
  n1: 14848 0x622FE73: ??? (in /usr/lib/x86_64-linux-gnu/libcrypto.so.3)
   n1: 14848 0x623119D: ??? (in /usr/lib/x86_64-linux-gnu/libcrypto.so.3)
    n1: 14848 0x6227E59: ??? (in /usr/lib/x86_64-linux-gnu/libcrypto.so.3)
     n1: 14848 0x6247C98: ??? (in /usr/lib/x86_64-linux-gnu/libcrypto.so.3)
      n1: 14848 0x6247BBB: ??? (in /usr/lib/x86_64-linux-gnu/libcrypto.so.3)
       n1: 14848 0x62672DA: ??? (in /usr/lib/x86_64-linux-gnu/libcrypto.so.3)
        n1: 14848 0x63309E7: ??? (in /usr/lib/x86_64-linux-gnu/libcrypto.so.3)
         n1: 14848 0x633103D: ??? (in /usr/lib/x86_64-linux-gnu/libcrypto.so.3)
          n1: 14848 0x6228652: EVP_CIPHER_fetch (in /usr/lib/x86_64-linux-gnu/libcrypto.so.3)
           n1: 14848 0x631B6C4: ??? (in /usr/lib/x86_64-linux-gnu/libcrypto.so.3)
            n1: 14848 0x631BB22: ??? (in /usr/lib/x86_64-linux-gnu/libcrypto.so.3)
             n1: 14848 0x6233AD7: EVP_RAND_instantiate (in /usr/lib/x86_64-linux-gnu/libcrypto.so.3)
              n1: 14848 0x6285A91: ??? (in /usr/lib/x86_64-linux-gnu/libcrypto.so.3)
               n1: 14848 0x6285C2B: RAND_get0_primary (in /usr/lib/x86_64-linux-gnu/libcrypto.so.3)
                n1: 14848 0x6285EF6: RAND_status (in /usr/lib/x86_64-linux-gnu/libcrypto.so.3)
                 n1: 14848 0x5C962CF: OQS_randombytes_openssl (in /home/anss/random/bench/install/lib/liboqs.so.0.15.0)
                  n1: 14848 0x49AABFF: PQCLEAN_MCELIECE348864_AVX2_crypto_kem_keypair (in /home/anss/random/bench/install/lib/liboqs.so.0.15.0)
                   n0: 14848 0x1092FB: main (in /home/anss/random/bench/mem_kem)
  n2: 11968 0x62482DC: OPENSSL_LH_new (in /usr/lib/x86_64-linux-gnu/libcrypto.so.3)
   n1: 10912 0x628433F: ??? (in /usr/lib/x86_64-linux-gnu/libcrypto.so.3)
    n1: 10912 0x6227DB9: ??? (in /usr/lib/x86_64-linux-gnu/libcrypto.so.3)
     n1: 10912 0x6247CFB: ??? (in /usr/lib/x86_64-linux-gnu/libcrypto.so.3)
      n1: 10912 0x6247BBB: ??? (in /usr/lib/x86_64-linux-gnu/libcrypto.so.3)
       n1: 10912 0x62672DA: ??? (in /usr/lib/x86_64-linux-gnu/libcrypto.so.3)
        n1: 10912 0x63309E7: ??? (in /usr/lib/x86_64-linux-gnu/libcrypto.so.3)
         n2: 10912 0x633103D: ??? (in /usr/lib/x86_64-linux-gnu/libcrypto.so.3)
          n1: 10032 0x6228652: EVP_CIPHER_fetch (in /usr/lib/x86_64-linux-gnu/libcrypto.so.3)
           n1: 10032 0x631B6C4: ??? (in /usr/lib/x86_64-linux-gnu/libcrypto.so.3)
            n1: 10032 0x631BB22: ??? (in /usr/lib/x86_64-linux-gnu/libcrypto.so.3)
             n1: 10032 0x6233AD7: EVP_RAND_instantiate (in /usr/lib/x86_64-linux-gnu/libcrypto.so.3)
              n1: 10032 0x6285A91: ??? (in /usr/lib/x86_64-linux-gnu/libcrypto.so.3)
               n1: 10032 0x6285C2B: RAND_get0_primary (in /usr/lib/x86_64-linux-gnu/libcrypto.so.3)
                n1: 10032 0x6285EF6: RAND_status (in /usr/lib/x86_64-linux-gnu/libcrypto.so.3)
                 n1: 10032 0x5C962CF: OQS_randombytes_openssl (in /home/anss/random/bench/install/lib/liboqs.so.0.15.0)
                  n1: 10032 0x49AABFF: PQCLEAN_MCELIECE348864_AVX2_crypto_kem_keypair (in /home/anss/random/bench/install/lib/liboqs.so.0.15.0)
                   n0: 10032 0x1092FB: main (in /home/anss/random/bench/mem_kem)
          n0: 880 in 1 place, below massif's threshold (1.00%)
   n0: 1056 in 7 places, all below massif's threshold (1.00%)
  n2: 8320 0x62482F6: OPENSSL_LH_new (in /usr/lib/x86_64-linux-gnu/libcrypto.so.3)
   n1: 7936 0x628433F: ??? (in /usr/lib/x86_64-linux-gnu/libcrypto.so.3)
    n1: 7936 0x6227DB9: ??? (in /usr/lib/x86_64-linux-gnu/libcrypto.so.3)
     n1: 7936 0x6247CFB: ??? (in /usr/lib/x86_64-linux-gnu/libcrypto.so.3)
      n1: 7936 0x6247BBB: ??? (in /usr/lib/x86_64-linux-gnu/libcrypto.so.3)
       n1: 7936 0x62672DA: ??? (in /usr/lib/x86_64-linux-gnu/libcrypto.so.3)
        n1: 7936 0x63309E7: ??? (in /usr/lib/x86_64-linux-gnu/libcrypto.so.3)
         n1: 7936 0x633103D: ??? (in /usr/lib/x86_64-linux-gnu/libcrypto.so.3)
          n0: 7936 in 2 places, all below massif's threshold (1.00%)
   n0: 384 in 7 places, all below massif's threshold (1.00%)
 n0: 261120 0x109263: main (in /home/anss/random/bench/mem_kem)
 n2: 47040 0x6248625: OPENSSL_LH_insert (in /usr/lib/x86_64-linux-gnu/libcrypto.so.3)
  n2: 33912 0x6339B72: ??? (in /usr/lib/x86_64-linux-gnu/libcrypto.so.3)
   n1: 31944 0x6206BEF: ERR_load_strings_const (in /usr/lib/x86_64-linux-gnu/libcrypto.so.3)
    n0: 31944 in 33 places, all below massif's threshold (1.00%)
   n0: 1968 in 2 places, all below massif's threshold (1.00%)
  n0: 13128 in 7 places, all below massif's threshold (1.00%)
 n0: 24126 in 33 places, all below massif's threshold (1.00%)
 n2: 11264 0x62485D3: OPENSSL_LH_insert (in /usr/lib/x86_64-linux-gnu/libcrypto.so.3)
  n2: 8192 0x6339B72: ??? (in /usr/lib/x86_64-linux-gnu/libcrypto.so.3)
   n2: 8192 0x6206BEF: ERR_load_strings_const (in /usr/lib/x86_64-linux-gnu/libcrypto.so.3)
    n1: 8192 0x62598DE: ??? (in /usr/lib/x86_64-linux-gnu/libcrypto.so.3)
     n1: 8192 0x5F0BEE7: __pthread_once_slow (pthread_once.c:116)
      n1: 8192 0x625E1EC: CRYPTO_THREAD_run_once (in /usr/lib/x86_64-linux-gnu/libcrypto.so.3)
       n1: 8192 0x625AEE2: OPENSSL_init_crypto (in /usr/lib/x86_64-linux-gnu/libcrypto.so.3)
        n1: 8192 0x6208686: ??? (in /usr/lib/x86_64-linux-gnu/libcrypto.so.3)
         n1: 8192 0x620904C: ERR_set_mark (in /usr/lib/x86_64-linux-gnu/libcrypto.so.3)
          n1: 8192 0x61B5451: CONF_modules_load_file_ex (in /usr/lib/x86_64-linux-gnu/libcrypto.so.3)
           n1: 8192 0x625A6EF: ??? (in /usr/lib/x86_64-linux-gnu/libcrypto.so.3)
            n1: 8192 0x5F0BEE7: __pthread_once_slow (pthread_once.c:116)
             n1: 8192 0x625E1EC: CRYPTO_THREAD_run_once (in /usr/lib/x86_64-linux-gnu/libcrypto.so.3)
              n1: 8192 0x625B155: OPENSSL_init_crypto (in /usr/lib/x86_64-linux-gnu/libcrypto.so.3)
               n1: 8192 0x63307AC: ??? (in /usr/lib/x86_64-linux-gnu/libcrypto.so.3)
                n1: 8192 0x62853A4: RAND_get_rand_method (in /usr/lib/x86_64-linux-gnu/libcrypto.so.3)
                 n1: 8192 0x6285EC9: RAND_status (in /usr/lib/x86_64-linux-gnu/libcrypto.so.3)
                  n1: 8192 0x5C962CF: OQS_randombytes_openssl (in /home/anss/random/bench/install/lib/liboqs.so.0.15.0)
                   n1: 8192 0x49AABFF: PQCLEAN_MCELIECE348864_AVX2_crypto_kem_keypair (in /home/anss/random/bench/install/lib/liboqs.so.0.15.0)
                    n0: 8192 0x1092FB: main (in /home/anss/random/bench/mem_kem)
    n0: 0 in 3 places, all below massif's threshold (1.00%)
   n0: 0 in 2 places, all below massif's threshold (1.00%)
  n0: 3072 in 3 places, all below massif's threshold (1.00%)
#-----------
snapshot=27
#-----------
time=7418748
mem_heap_B=733779
mem_heap_extra_B=51637
mem_stacks_B=0
heap_tree=detailed
n5: 733779 (heap allocation functions) malloc/new/new[], --alloc-fns, etc.
 n6: 389632 0x6252C3D: CRYPTO_zalloc (in /usr/lib/x86_64-linux-gnu/libcrypto.so.3)
  n1: 262144 0x625DFC4: ??? (in /usr/lib/x86_64-linux-gnu/libcrypto.so.3)
   n1: 262144 0x6284365: ??? (in /usr/lib/x86_64-linux-gnu/libcrypto.so.3)
    n1: 262144 0x6227DB9: ??? (in /usr/lib/x86_64-linux-gnu/libcrypto.so.3)
     n1: 262144 0x6247CFB: ??? (in /usr/lib/x86_64-linux-gnu/libcrypto.so.3)
      n1: 262144 0x6247BBB: ??? (in /usr/lib/x86_64-linux-gnu/libcrypto.so.3)
       n1: 262144 0x62672DA: ??? (in /usr/lib/x86_64-linux-gnu/libcrypto.so.3)
        n1: 262144 0x63309E7: ??? (in /usr/lib/x86_64-linux-gnu/libcrypto.so.3)
         n2: 262144 0x633103D: ??? (in /usr/lib/x86_64-linux-gnu/libcrypto.so.3)
          n1: 229376 0x6228652: EVP_CIPHER_fetch (in /usr/lib/x86_64-linux-gnu/libcrypto.so.3)
           n1: 229376 0x631B6C4: ??? (in /usr/lib/x86_64-linux-gnu/libcrypto.so.3)
            n1: 229376 0x631BB22: ??? (in /usr/lib/x86_64-linux-gnu/libcrypto.so.3)
             n1: 229376 0x6233AD7: EVP_RAND_instantiate (in /usr/lib/x86_64-linux-gnu/libcrypto.so.3)
              n1: 229376 0x6285A91: ??? (in /usr/lib/x86_64-linux-gnu/libcrypto.so.3)
               n1: 229376 0x6285C2B: RAND_get0_primary (in /usr/lib/x86_64-linux-gnu/libcrypto.so.3)
                n1: 229376 0x6285EF6: RAND_status (in /usr/lib/x86_64-linux-gnu/libcrypto.so.3)
                 n1: 229376 0x5C962CF: OQS_randombytes_openssl (in /home/anss/random/bench/install/lib/liboqs.so.0.15.0)
                  n1: 229376 0x49AABFF: PQCLEAN_MCELIECE348864_AVX2_crypto_kem_keypair (in /home/anss/random/bench/install/lib/liboqs.so.0.15.0)
                   n0: 229376 0x1092FB: main (in /home/anss/random/bench/mem_kem)
          n1: 32768 0x62336C2: EVP_RAND_fetch (in /usr/lib/x86_64-linux-gnu/libcrypto.so.3)
           n1: 32768 0x6285CDB: RAND_get0_primary (in /usr/lib/x86_64-linux-gnu/libcrypto.so.3)
            n1: 32768 0x6285EF6: RAND_status (in /usr/lib/x86_64-linux-gnu/libcrypto.so.3)
             n1: 32768 0x5C962CF: OQS_randombytes_openssl (in /home/anss/random/bench/install/lib/liboqs.so.0.15.0)
              n1: 32768 0x49AABFF: PQCLEAN_MCELIECE348864_AVX2_crypto_kem_keypair (in /home/anss/random/bench/install/lib/liboqs.so.0.15.0)
               n0: 32768 0x1092FB: main (in /home/anss/random/bench/mem_kem)
  n1: 65536 0x625DF52: ??? (in /usr/lib/x86_64-linux-gnu/libcrypto.so.3)
   n1: 65536 0x6284365: ??? (in /usr/lib/x86_64-linux-gnu/libcrypto.so.3)
    n1: 65536 0x6227DB9: ??? (in /usr/lib/x86_64-linux-gnu/libcrypto.so.3)
     n1: 65536 0x6247CFB: ??? (in /usr/lib/x86_64-linux-gnu/libcrypto.so.3)
      n1: 65536 0x6247BBB: ??? (in /usr/lib/x86_64-linux-gnu/libcrypto.so.3)
       n1: 65536 0x62672DA: ??? (in /usr/lib/x86_64-linux-gnu/libcrypto.so.3)
        n1: 65536 0x63309E7: ??? (in /usr/lib/x86_64-linux-gnu/libcrypto.so.3)
         n1: 65536 0x633103D: ??? (in /usr/lib/x86_64-linux-gnu/libcrypto.so.3)
          n1: 65536 0x62336C2: EVP_RAND_fetch (in /usr/lib/x86_64-linux-gnu/libcrypto.so.3)
           n1: 65536 0x6285CDB: RAND_get0_primary (in /usr/lib/x86_64-linux-gnu/libcrypto.so.3)
            n1: 65536 0x6285EF6: RAND_status (in /usr/lib/x86_64-linux-gnu/libcrypto.so.3)
             n1: 65536 0x5C962CF: OQS_randombytes_openssl (in /home/anss/random/bench/install/lib/liboqs.so.0.15.0)
              n1: 65536 0x49AABFF: PQCLEAN_MCELIECE348864_AVX2_crypto_kem_keypair (in /home/anss/random/bench/install/lib/liboqs.so.0.15.0)
               n0: 65536 0x1092FB: main (in /home/anss/random/bench/mem_kem)
  n0: 21776 in 29 places, all below massif's threshold (1.00%)
  n1: 17152 0x622FE73: ??? (in /usr/lib/x86_64-linux-gnu/libcrypto.so.3)
   n1: 17152 0x623119D: ??? (in /usr/lib/x86_64-linux-gnu/libcrypto.so.3)
    n1: 17152 0x6227E59: ??? (in /usr/lib/x86_64-linux-gnu/libcrypto.so.3)
     n1: 17152 0x6247C98: ??? (in /usr/lib/x86_64-linux-gnu/libcrypto.so.3)
      n1: 17152 0x6247BBB: ??? (in /usr/lib/x86_64-linux-gnu/libcrypto.so.3)
       n1: 17152 0x62672DA: ??? (in /usr/lib/x86_64-linux-gnu/libcrypto.so.3)
        n1: 17152 0x63309E7: ??? (in /usr/lib/x86_64-linux-gnu/libcrypto.so.3)
         n1: 17152 0x633103D: ??? (in /usr/lib/x86_64-linux-gnu/libcrypto.so.3)
          n1: 17152 0x6228652: EVP_CIPHER_fetch (in /usr/lib/x86_64-linux-gnu/libcrypto.so.3)
           n1: 17152 0x631B6C4: ??? (in /usr/lib/x86_64-linux-gnu/libcrypto.so.3)
            n1: 17152 0x631BB22: ??? (in /usr/lib/x86_64-linux-gnu/libcrypto.so.3)
             n1: 17152 0x6233AD7: EVP_RAND_instantiate (in /usr/lib/x86_64-linux-gnu/libcrypto.so.3)
              n1: 17152 0x6285A91: ??? (in /usr/lib/x86_64-linux-gnu/libcrypto.so.3)
               n1: 17152 0x6285C2B: RAND_get0_primary (in /usr/lib/x86_64-linux-gnu/libcrypto.so.3)
                n1: 17152 0x6285EF6: RAND_status (in /usr/lib/x86_64-linux-gnu/libcrypto.so.3)
                 n1: 17152 0x5C962CF: OQS_randombytes_openssl (in /home/anss/random/bench/install/lib/liboqs.so.0.15.0)
                  n1: 17152 0x49AABFF: PQCLEAN_MCELIECE348864_AVX2_crypto_kem_keypair (in /home/anss/random/bench/install/lib/liboqs.so.0.15.0)
                   n0: 17152 0x1092FB: main (in /home/anss/random/bench/mem_kem)
  n2: 13552 0x62482DC: OPENSSL_LH_new (in /usr/lib/x86_64-linux-gnu/libcrypto.so.3)
   n1: 12496 0x628433F: ??? (in /usr/lib/x86_64-linux-gnu/libcrypto.so.3)
    n1: 12496 0x6227DB9: ??? (in /usr/lib/x86_64-linux-gnu/libcrypto.so.3)
     n1: 12496 0x6247CFB: ??? (in /usr/lib/x86_64-linux-gnu/libcrypto.so.3)
      n1: 12496 0x6247BBB: ??? (in /usr/lib/x86_64-linux-gnu/libcrypto.so.3)
       n1: 12496 0x62672DA: ??? (in /usr/lib/x86_64-linux-gnu/libcrypto.so.3)
        n1: 12496 0x63309E7: ??? (in /usr/lib/x86_64-linux-gnu/libcrypto.so.3)
         n2: 12496 0x633103D: ??? (in /usr/lib/x86_64-linux-gnu/libcrypto.so.3)
          n1: 11616 0x6228652: EVP_CIPHER_fetch (in /usr/lib/x86_64-linux-gnu/libcrypto.so.3)
           n1: 11616 0x631B6C4: ??? (in /usr/lib/x86_64-linux-gnu/libcrypto.so.3)
            n1: 11616 0x631BB22: ??? (in /usr/lib/x86_64-linux-gnu/libcrypto.so.3)
             n1: 11616 0x6233AD7: EVP_RAND_instantiate (in /usr/lib/x86_64-linux-gnu/libcrypto.so.3)
              n1: 11616 0x6285A91: ??? (in /usr/lib/x86_64-linux-gnu/libcrypto.so.3)
               n1: 11616 0x6285C2B: RAND_get0_primary (in /usr/lib/x86_64-linux-gnu/libcrypto.so.3)
                n1: 11616 0x6285EF6: RAND_status (in /usr/lib/x86_64-linux-gnu/libcrypto.so.3)
                 n1: 11616 0x5C962CF: OQS_randombytes_openssl (in /home/anss/random/bench/install/lib/liboqs.so.0.15.0)
                  n1: 11616 0x49AABFF: PQCLEAN_MCELIECE348864_AVX2_crypto_kem_keypair (in /home/anss/random/bench/install/lib/liboqs.so.0.15.0)
                   n0: 11616 0x1092FB: main (in /home/anss/random/bench/mem_kem)
          n0: 880 in 1 place, below massif's threshold (1.00%)
   n0: 1056 in 7 places, all below massif's threshold (1.00%)
  n2: 9472 0x62482F6: OPENSSL_LH_new (in /usr/lib/x86_64-linux-gnu/libcrypto.so.3)
   n1: 9088 0x628433F: ??? (in /usr/lib/x86_64-linux-gnu/libcrypto.so.3)
    n1: 9088 0x6227DB9: ??? (in /usr/lib/x86_64-linux-gnu/libcrypto.so.3)
     n1: 9088 0x6247CFB: ??? (in /usr/lib/x86_64-linux-gnu/libcrypto.so.3)
      n1: 9088 0x6247BBB: ??? (in /usr/lib/x86_64-linux-gnu/libcrypto.so.3)
       n1: 9088 0x62672DA: ??? (in /usr/lib/x86_64-linux-gnu/libcrypto.so.3)
        n1: 9088 0x63309E7: ??? (in /usr/lib/x86_64-linux-gnu/libcrypto.so.3)
         n2: 9088 0x633103D: ??? (in /usr/lib/x86_64-linux-gnu/libcrypto.so.3)
          n1: 8448 0x6228652: EVP_CIPHER_fetch (in /usr/lib/x86_64-linux-gnu/libcrypto.so.3)
           n1: 8448 0x631B6C4: ??? (in /usr/lib/x86_64-linux-gnu/libcrypto.so.3)
            n1: 8448 0x631BB22: ??? (in /usr/lib/x86_64-linux-gnu/libcrypto.so.3)
             n1: 8448 0x6233AD7: EVP_RAND_instantiate (in /usr/lib/x86_64-linux-gnu/libcrypto.so.3)
              n1: 8448 0x6285A91: ??? (in /usr/lib/x86_64-linux-gnu/libcrypto.so.3)
               n1: 8448 0x6285C2B: RAND_get0_primary (in /usr/lib/x86_64-linux-gnu/libcrypto.so.3)
                n1: 8448 0x6285EF6: RAND_status (in /usr/lib/x86_64-linux-gnu/libcrypto.so.3)
                 n1: 8448 0x5C962CF: OQS_randombytes_openssl (in /home/anss/random/bench/install/lib/liboqs.so.0.15.0)
                  n1: 8448 0x49AABFF: PQCLEAN_MCELIECE348864_AVX2_crypto_kem_keypair (in /home/anss/random/bench/install/lib/liboqs.so.0.15.0)
                   n0: 8448 0x1092FB: main (in /home/anss/random/bench/mem_kem)
          n0: 640 in 1 place, below massif's threshold (1.00%)
   n0: 384 in 7 places, all below massif's threshold (1.00%)
 n0: 261120 0x109263: main (in /home/anss/random/bench/mem_kem)
 n2: 47112 0x6248625: OPENSSL_LH_insert (in /usr/lib/x86_64-linux-gnu/libcrypto.so.3)
  n2: 33912 0x6339B72: ??? (in /usr/lib/x86_64-linux-gnu/libcrypto.so.3)
   n1: 31944 0x6206BEF: ERR_load_strings_const (in /usr/lib/x86_64-linux-gnu/libcrypto.so.3)
    n0: 31944 in 33 places, all below massif's threshold (1.00%)
   n0: 1968 in 2 places, all below massif's threshold (1.00%)
  n0: 13200 in 7 places, all below massif's threshold (1.00%)
 n0: 24651 in 33 places, all below massif's threshold (1.00%)
 n2: 11264 0x62485D3: OPENSSL_LH_insert (in /usr/lib/x86_64-linux-gnu/libcrypto.so.3)
  n2: 8192 0x6339B72: ??? (in /usr/lib/x86_64-linux-gnu/libcrypto.so.3)
   n2: 8192 0x6206BEF: ERR_load_strings_const (in /usr/lib/x86_64-linux-gnu/libcrypto.so.3)
    n1: 8192 0x62598DE: ??? (in /usr/lib/x86_64-linux-gnu/libcrypto.so.3)
     n1: 8192 0x5F0BEE7: __pthread_once_slow (pthread_once.c:116)
      n1: 8192 0x625E1EC: CRYPTO_THREAD_run_once (in /usr/lib/x86_64-linux-gnu/libcrypto.so.3)
       n1: 8192 0x625AEE2: OPENSSL_init_crypto (in /usr/lib/x86_64-linux-gnu/libcrypto.so.3)
        n1: 8192 0x6208686: ??? (in /usr/lib/x86_64-linux-gnu/libcrypto.so.3)
         n1: 8192 0x620904C: ERR_set_mark (in /usr/lib/x86_64-linux-gnu/libcrypto.so.3)
          n1: 8192 0x61B5451: CONF_modules_load_file_ex (in /usr/lib/x86_64-linux-gnu/libcrypto.so.3)
           n1: 8192 0x625A6EF: ??? (in /usr/lib/x86_64-linux-gnu/libcrypto.so.3)
            n1: 8192 0x5F0BEE7: __pthread_once_slow (pthread_once.c:116)
             n1: 8192 0x625E1EC: CRYPTO_THREAD_run_once (in /usr/lib/x86_64-linux-gnu/libcrypto.so.3)
              n1: 8192 0x625B155: OPENSSL_init_crypto (in /usr/lib/x86_64-linux-gnu/libcrypto.so.3)
               n1: 8192 0x63307AC: ??? (in /usr/lib/x86_64-linux-gnu/libcrypto.so.3)
                n1: 8192 0x62853A4: RAND_get_rand_method (in /usr/lib/x86_64-linux-gnu/libcrypto.so.3)
                 n1: 8192 0x6285EC9: RAND_status (in /usr/lib/x86_64-linux-gnu/libcrypto.so.3)
                  n1: 8192 0x5C962CF: OQS_randombytes_openssl (in /home/anss/random/bench/install/lib/liboqs.so.0.15.0)
                   n1: 8192 0x49AABFF: PQCLEAN_MCELIECE348864_AVX2_crypto_kem_keypair (in /home/anss/random/bench/install/lib/liboqs.so.0.15.0)
                    n0: 8192 0x1092FB: main (in /home/anss/random/bench/mem_kem)
    n0: 0 in 3 places, all below massif's threshold (1.00%)
   n0: 0 in 2 places, all below massif's threshold (1.00%)
  n0: 3072 in 3 places, all below massif's threshold (1.00%)
#-----------
snapshot=28
#-----------
time=7717800
mem_heap_B=743725
mem_heap_extra_B=53411
mem_stacks_B=0
heap_tree=empty
#-----------
snapshot=29
#-----------
time=7887804
mem_heap_B=750160
mem_heap_extra_B=54528
mem_stacks_B=0
heap_tree=empty
#-----------
snapshot=30
#-----------
time=8171254
mem_heap_B=793179
mem_heap_extra_B=56245
mem_stacks_B=0
heap_tree=empty
#-----------
snapshot=31
#-----------
time=8404887
mem_heap_B=805567
mem_heap_extra_B=57889
mem_stacks_B=0
heap_tree=detailed
n5: 805567 (heap allocation functions) malloc/new/new[], --alloc-fns, etc.
 n7: 457360 0x6252C3D: CRYPTO_zalloc (in /usr/lib/x86_64-linux-gnu/libcrypto.so.3)
  n1: 294912 0x625DFC4: ??? (in /usr/lib/x86_64-linux-gnu/libcrypto.so.3)
   n1: 294912 0x6284365: ??? (in /usr/lib/x86_64-linux-gnu/libcrypto.so.3)
    n1: 294912 0x6227DB9: ??? (in /usr/lib/x86_64-linux-gnu/libcrypto.so.3)
     n1: 294912 0x6247CFB: ??? (in /usr/lib/x86_64-linux-gnu/libcrypto.so.3)
      n1: 294912 0x6247BBB: ??? (in /usr/lib/x86_64-linux-gnu/libcrypto.so.3)
       n1: 294912 0x62672DA: ??? (in /usr/lib/x86_64-linux-gnu/libcrypto.so.3)
        n1: 294912 0x63309E7: ??? (in /usr/lib/x86_64-linux-gnu/libcrypto.so.3)
         n2: 294912 0x633103D: ??? (in /usr/lib/x86_64-linux-gnu/libcrypto.so.3)
          n1: 262144 0x6228652: EVP_CIPHER_fetch (in /usr/lib/x86_64-linux-gnu/libcrypto.so.3)
           n1: 262144 0x631B6C4: ??? (in /usr/lib/x86_64-linux-gnu/libcrypto.so.3)
            n1: 262144 0x631BB22: ??? (in /usr/lib/x86_64-linux-gnu/libcrypto.so.3)
             n1: 262144 0x6233AD7: EVP_RAND_instantiate (in /usr/lib/x86_64-linux-gnu/libcrypto.so.3)
              n1: 262144 0x6285A91: ??? (in /usr/lib/x86_64-linux-gnu/libcrypto.so.3)
               n1: 262144 0x6285C2B: RAND_get0_primary (in /usr/lib/x86_64-linux-gnu/libcrypto.so.3)
                n1: 262144 0x6285EF6: RAND_status (in /usr/lib/x86_64-linux-gnu/libcrypto.so.3)
                 n1: 262144 0x5C962CF: OQS_randombytes_openssl (in /home/anss/random/bench/install/lib/liboqs.so.0.15.0)
                  n1: 262144 0x49AABFF: PQCLEAN_MCELIECE348864_AVX2_crypto_kem_keypair (in /home/anss/random/bench/install/lib/liboqs.so.0.15.0)
                   n0: 262144 0x1092FB: main (in /home/anss/random/bench/mem_kem)
          n1: 32768 0x62336C2: EVP_RAND_fetch (in /usr/lib/x86_64-linux-gnu/libcrypto.so.3)
           n1: 32768 0x6285CDB: RAND_get0_primary (in /usr/lib/x86_64-linux-gnu/libcrypto.so.3)
            n1: 32768 0x6285EF6: RAND_status (in /usr/lib/x86_64-linux-gnu/libcrypto.so.3)
             n1: 32768 0x5C962CF: OQS_randombytes_openssl (in /home/anss/random/bench/install/lib/liboqs.so.0.15.0)
              n1: 32768 0x49AABFF: PQCLEAN_MCELIECE348864_AVX2_crypto_kem_keypair (in /home/anss/random/bench/install/lib/liboqs.so.0.15.0)
               n0: 32768 0x1092FB: main (in /home/anss/random/bench/mem_kem)
  n1: 65536 0x625DF52: ??? (in /usr/lib/x86_64-linux-gnu/libcrypto.so.3)
   n1: 65536 0x6284365: ??? (in /usr/lib/x86_64-linux-gnu/libcrypto.so.3)
    n1: 65536 0x6227DB9: ??? (in /usr/lib/x86_64-linux-gnu/libcrypto.so.3)
     n1: 65536 0x6247CFB: ??? (in /usr/lib/x86_64-linux-gnu/libcrypto.so.3)
      n1: 65536 0x6247BBB: ??? (in /usr/lib/x86_64-linux-gnu/libcrypto.so.3)
       n1: 65536 0x62672DA: ??? (in /usr/lib/x86_64-linux-gnu/libcrypto.so.3)
        n1: 65536 0x63309E7: ??? (in /usr/lib/x86_64-linux-gnu/libcrypto.so.3)
         n1: 65536 0x633103D: ??? (in /usr/lib/x86_64-linux-gnu/libcrypto.so.3)
          n1: 65536 0x62336C2: EVP_RAND_fetch (in /usr/lib/x86_64-linux-gnu/libcrypto.so.3)
           n1: 65536 0x6285CDB: RAND_get0_primary (in /usr/lib/x86_64-linux-gnu/libcrypto.so.3)
            n1: 65536 0x6285EF6: RAND_status (in /usr/lib/x86_64-linux-gnu/libcrypto.so.3)
             n1: 65536 0x5C962CF: OQS_randombytes_openssl (in /home/anss/random/bench/install/lib/liboqs.so.0.15.0)
              n1: 65536 0x49AABFF: PQCLEAN_MCELIECE348864_AVX2_crypto_kem_keypair (in /home/anss/random/bench/install/lib/liboqs.so.0.15.0)
               n0: 65536 0x1092FB: main (in /home/anss/random/bench/mem_kem)
  n1: 29696 0x622FE73: ??? (in /usr/lib/x86_64-linux-gnu/libcrypto.so.3)
   n1: 29696 0x623119D: ??? (in /usr/lib/x86_64-linux-gnu/libcrypto.so.3)
    n1: 29696 0x6227E59: ??? (in /usr/lib/x86_64-linux-gnu/libcrypto.so.3)
     n1: 29696 0x6247C98: ??? (in /usr/lib/x86_64-linux-gnu/libcrypto.so.3)
      n1: 29696 0x6247BBB: ??? (in /usr/lib/x86_64-linux-gnu/libcrypto.so.3)
       n1: 29696 0x62672DA: ??? (in /usr/lib/x86_64-linux-gnu/libcrypto.so.3)
        n1: 29696 0x63309E7: ??? (in /usr/lib/x86_64-linux-gnu/libcrypto.so.3)
         n1: 29696 0x633103D: ??? (in /usr/lib/x86_64-linux-gnu/libcrypto.so.3)
          n1: 29696 0x6228652: EVP_CIPHER_fetch (in /usr/lib/x86_64-linux-gnu/libcrypto.so.3)
           n1: 29696 0x631B6C4: ??? (in /usr/lib/x86_64-linux-gnu/libcrypto.so.3)
            n1: 29696 0x631BB22: ??? (in /usr/lib/x86_64-linux-gnu/libcrypto.so.3)
             n1: 29696 0x6233AD7: EVP_RAND_instantiate (in /usr/lib/x86_64-linux-gnu/libcrypto.so.3)
              n1: 29696 0x6285A91: ??? (in /usr/lib/x86_64-linux-gnu/libcrypto.so.3)
               n1: 29696 0x6285C2B: RAND_get0_primary (in /usr/lib/x86_64-linux-gnu/libcrypto.so.3)
                n1: 29696 0x6285EF6: RAND_status (in /usr/lib/x86_64-linux-gnu/libcrypto.so.3)
                 n1: 29696 0x5C962CF: OQS_randombytes_openssl (in /home/anss/random/bench/install/lib/liboqs.so.0.15.0)
                  n1: 29696 0x49AABFF: PQCLEAN_MCELIECE348864_AVX2_crypto_kem_keypair (in /home/anss/random/bench/install/lib/liboqs.so.0.15.0)
                   n0: 29696 0x1092FB: main (in /home/anss/random/bench/mem_kem)
  n2: 22176 0x62482DC: OPENSSL_LH_new (in /usr/lib/x86_64-linux-gnu/libcrypto.so.3)
   n1: 21120 0x628433F: ??? (in /usr/lib/x86_64-linux-gnu/libcrypto.so.3)
    n1: 21120 0x6227DB9: ??? (in /usr/lib/x86_64-linux-gnu/libcrypto.so.3)
     n1: 21120 0x6247CFB: ??? (in /usr/lib/x86_64-linux-gnu/libcrypto.so.3)
      n1: 21120 0x6247BBB: ??? (in /usr/lib/x86_64-linux-gnu/libcrypto.so.3)
       n1: 21120 0x62672DA: ??? (in /usr/lib/x86_64-linux-gnu/libcrypto.so.3)
        n1: 21120 0x63309E7: ??? (in /usr/lib/x86_64-linux-gnu/libcrypto.so.3)
         n2: 21120 0x633103D: ??? (in /usr/lib/x86_64-linux-gnu/libcrypto.so.3)
          n1: 20240 0x6228652: EVP_CIPHER_fetch (in /usr/lib/x86_64-linux-gnu/libcrypto.so.3)
           n1: 20240 0x631B6C4: ??? (in /usr/lib/x86_64-linux-gnu/libcrypto.so.3)
            n1: 20240 0x631BB22: ??? (in /usr/lib/x86_64-linux-gnu/libcrypto.so.3)
             n1: 20240 0x6233AD7: EVP_RAND_instantiate (in /usr/lib/x86_64-linux-gnu/libcrypto.so.3)
              n1: 20240 0x6285A91: ??? (in /usr/lib/x86_64-linux-gnu/libcrypto.so.3)
               n1: 20240 0x6285C2B: RAND_get0_primary (in /usr/lib/x86_64-linux-gnu/libcrypto.so.3)
                n1: 20240 0x6285EF6: RAND_status (in /usr/lib/x86_64-linux-gnu/libcrypto.so.3)
                 n1: 20240 0x5C962CF: OQS_randombytes_openssl (in /home/anss/random/bench/install/lib/liboqs.so.0.15.0)
                  n1: 20240 0x49AABFF: PQCLEAN_MCELIECE348864_AVX2_crypto_kem_keypair (in /home/anss/random/bench/install/lib/liboqs.so.0.15.0)
                   n0: 20240 0x1092FB: main (in /home/anss/random/bench/mem_kem)
          n0: 880 in 1 place, below massif's threshold (1.00%)
   n0: 1056 in 7 places, all below massif's threshold (1.00%)
  n0: 20336 in 28 places, all below massif's threshold (1.00%)
  n2: 15744 0x62482F6: OPENSSL_LH_new (in /usr/lib/x86_64-linux-gnu/libcrypto.so.3)
   n1: 15360 0x628433F: ??? (in /usr/lib/x86_64-linux-gnu/libcrypto.so.3)
    n1: 15360 0x6227DB9: ??? (in /usr/lib/x86_64-linux-gnu/libcrypto.so.3)
     n1: 15360 0x6247CFB: ??? (in /usr/lib/x86_64-linux-gnu/libcrypto.so.3)
      n1: 15360 0x6247BBB: ??? (in /usr/lib/x86_64-linux-gnu/libcrypto.so.3)
       n1: 15360 0x62672DA: ??? (in /usr/lib/x86_64-linux-gnu/libcrypto.so.3)
        n1: 15360 0x63309E7: ??? (in /usr/lib/x86_64-linux-gnu/libcrypto.so.3)
         n2: 15360 0x633103D: ??? (in /usr/lib/x86_64-linux-gnu/libcrypto.so.3)
          n1: 14720 0x6228652: EVP_CIPHER_fetch (in /usr/lib/x86_64-linux-gnu/libcrypto.so.3)
           n1: 14720 0x631B6C4: ??? (in /usr/lib/x86_64-linux-gnu/libcrypto.so.3)
            n1: 14720 0x631BB22: ??? (in /usr/lib/x86_64-linux-gnu/libcrypto.so.3)
             n1: 14720 0x6233AD7: EVP_RAND_instantiate (in /usr/lib/x86_64-linux-gnu/libcrypto.so.3)
              n1: 14720 0x6285A91: ??? (in /usr/lib/x86_64-linux-gnu/libcrypto.so.3)
               n1: 14720 0x6285C2B: RAND_get0_primary (in /usr/lib/x86_64-linux-gnu/libcrypto.so.3)
                n1: 14720 0x6285EF6: RAND_status (in /usr/lib/x86_64-linux-gnu/libcrypto.so.3)
                 n1: 14720 0x5C962CF: OQS_randombytes_openssl (in /home/anss/random/bench/install/lib/liboqs.so.0.15.0)
                  n1: 14720 0x49AABFF: PQCLEAN_MCELIECE348864_AVX2_crypto_kem_keypair (in /home/anss/random/bench/install/lib/liboqs.so.0.15.0)
                   n0: 14720 0x1092FB: main (in /home/anss/random/bench/mem_kem)
          n0: 640 in 1 place, below massif's threshold (1.00%)
   n0: 384 in 7 places, all below massif's threshold (1.00%)
  n1: 8960 0x625E073: CRYPTO_THREAD_lock_new (in /usr/lib/x86_64-linux-gnu/libcrypto.so.3)
   n0: 8960 in 23 places, all below massif's threshold (1.00%)
 n0: 261120 0x109263: main (in /home/anss/random/bench/mem_kem)
 n2: 47808 0x6248625: OPENSSL_LH_insert (in /usr/lib/x86_64-linux-gnu/libcrypto.so.3)
  n2: 33912 0x6339B72: ??? (in /usr/lib/x86_64-linux-gnu/libcrypto.so.3)
   n1: 31944 0x6206BEF: ERR_load_strings_const (in /usr/lib/x86_64-linux-gnu/libcrypto.so.3)
    n0: 31944 in 33 places, all below massif's threshold (1.00%)
   n0: 1968 in 2 places, all below massif's threshold (1.00%)
  n0: 13896 in 7 places, all below massif's threshold (1.00%)
 n0: 28015 in 33 places, all below massif's threshold (1.00%)
 n1: 11264 0x62485D3: OPENSSL_LH_insert (in /usr/lib/x86_64-linux-gnu/libcrypto.so.3)
  n0: 11264 in 4 places, all below massif's threshold (1.00%)
#-----------
snapshot=32
#-----------
time=8626795
mem_heap_B=814183
mem_heap_extra_B=59273
mem_stacks_B=0
heap_tree=peak
n5: 814183 (heap allocation functions) malloc/new/new[], --alloc-fns, etc.
 n7: 467896 0x6252C3D: CRYPTO_zalloc (in /usr/lib/x86_64-linux-gnu/libcrypto.so.3)
  n1: 294912 0x625DFC4: ??? (in /usr/lib/x86_64-linux-gnu/libcrypto.so.3)
   n1: 294912 0x6284365: ??? (in /usr/lib/x86_64-linux-gnu/libcrypto.so.3)
    n1: 294912 0x6227DB9: ??? (in /usr/lib/x86_64-linux-gnu/libcrypto.so.3)
     n1: 294912 0x6247CFB: ??? (in /usr/lib/x86_64-linux-gnu/libcrypto.so.3)
      n1: 294912 0x6247BBB: ??? (in /usr/lib/x86_64-linux-gnu/libcrypto.so.3)
       n1: 294912 0x62672DA: ??? (in /usr/lib/x86_64-linux-gnu/libcrypto.so.3)
        n1: 294912 0x63309E7: ??? (in /usr/lib/x86_64-linux-gnu/libcrypto.so.3)
         n2: 294912 0x633103D: ??? (in /usr/lib/x86_64-linux-gnu/libcrypto.so.3)
          n1: 262144 0x6228652: EVP_CIPHER_fetch (in /usr/lib/x86_64-linux-gnu/libcrypto.so.3)
           n1: 262144 0x631B6C4: ??? (in /usr/lib/x86_64-linux-gnu/libcrypto.so.3)
            n1: 262144 0x631BB22: ??? (in /usr/lib/x86_64-linux-gnu/libcrypto.so.3)
             n1: 262144 0x6233AD7: EVP_RAND_instantiate (in /usr/lib/x86_64-linux-gnu/libcrypto.so.3)
              n1: 262144 0x6285A91: ??? (in /usr/lib/x86_64-linux-gnu/libcrypto.so.3)
               n1: 262144 0x6285C2B: RAND_get0_primary (in /usr/lib/x86_64-linux-gnu/libcrypto.so.3)
                n1: 262144 0x6285EF6: RAND_status (in /usr/lib/x86_64-linux-gnu/libcrypto.so.3)
                 n1: 262144 0x5C962CF: OQS_randombytes_openssl (in /home/anss/random/bench/install/lib/liboqs.so.0.15.0)
                  n1: 262144 0x49AABFF: PQCLEAN_MCELIECE348864_AVX2_crypto_kem_keypair (in /home/anss/random/bench/install/lib/liboqs.so.0.15.0)
                   n0: 262144 0x1092FB: main (in /home/anss/random/bench/mem_kem)
          n1: 32768 0x62336C2: EVP_RAND_fetch (in /usr/lib/x86_64-linux-gnu/libcrypto.so.3)
           n1: 32768 0x6285CDB: RAND_get0_primary (in /usr/lib/x86_64-linux-gnu/libcrypto.so.3)
            n1: 32768 0x6285EF6: RAND_status (in /usr/lib/x86_64-linux-gnu/libcrypto.so.3)
             n1: 32768 0x5C962CF: OQS_randombytes_openssl (in /home/anss/random/bench/install/lib/liboqs.so.0.15.0)
              n1: 32768 0x49AABFF: PQCLEAN_MCELIECE348864_AVX2_crypto_kem_keypair (in /home/anss/random/bench/install/lib/liboqs.so.0.15.0)
               n0: 32768 0x1092FB: main (in /home/anss/random/bench/mem_kem)
  n1: 65536 0x625DF52: ??? (in /usr/lib/x86_64-linux-gnu/libcrypto.so.3)
   n1: 65536 0x6284365: ??? (in /usr/lib/x86_64-linux-gnu/libcrypto.so.3)
    n1: 65536 0x6227DB9: ??? (in /usr/lib/x86_64-linux-gnu/libcrypto.so.3)
     n1: 65536 0x6247CFB: ??? (in /usr/lib/x86_64-linux-gnu/libcrypto.so.3)
      n1: 65536 0x6247BBB: ??? (in /usr/lib/x86_64-linux-gnu/libcrypto.so.3)
       n1: 65536 0x62672DA: ??? (in /usr/lib/x86_64-linux-gnu/libcrypto.so.3)
        n1: 65536 0x63309E7: ??? (in /usr/lib/x86_64-linux-gnu/libcrypto.so.3)
         n1: 65536 0x633103D: ??? (in /usr/lib/x86_64-linux-gnu/libcrypto.so.3)
          n1: 65536 0x62336C2: EVP_RAND_fetch (in /usr/lib/x86_64-linux-gnu/libcrypto.so.3)
           n1: 65536 0x6285CDB: RAND_get0_primary (in /usr/lib/x86_64-linux-gnu/libcrypto.so.3)
            n1: 65536 0x6285EF6: RAND_status (in /usr/lib/x86_64-linux-gnu/libcrypto.so.3)
             n1: 65536 0x5C962CF: OQS_randombytes_openssl (in /home/anss/random/bench/install/lib/liboqs.so.0.15.0)
              n1: 65536 0x49AABFF: PQCLEAN_MCELIECE348864_AVX2_crypto_kem_keypair (in /home/anss/random/bench/install/lib/liboqs.so.0.15.0)
               n0: 65536 0x1092FB: main (in /home/anss/random/bench/mem_kem)
  n1: 31744 0x622FE73: ??? (in /usr/lib/x86_64-linux-gnu/libcrypto.so.3)
   n1: 31744 0x623119D: ??? (in /usr/lib/x86_64-linux-gnu/libcrypto.so.3)
    n1: 31744 0x6227E59: ??? (in /usr/lib/x86_64-linux-gnu/libcrypto.so.3)
     n1: 31744 0x6247C98: ??? (in /usr/lib/x86_64-linux-gnu/libcrypto.so.3)
      n1: 31744 0x6247BBB: ??? (in /usr/lib/x86_64-linux-gnu/libcrypto.so.3)
       n1: 31744 0x62672DA: ??? (in /usr/lib/x86_64-linux-gnu/libcrypto.so.3)
        n1: 31744 0x63309E7: ??? (in /usr/lib/x86_64-linux-gnu/libcrypto.so.3)
         n1: 31744 0x633103D: ??? (in /usr/lib/x86_64-linux-gnu/libcrypto.so.3)
          n1: 31744 0x6228652: EVP_CIPHER_fetch (in /usr/lib/x86_64-linux-gnu/libcrypto.so.3)
           n1: 31744 0x631B6C4: ??? (in /usr/lib/x86_64-linux-gnu/libcrypto.so.3)
            n1: 31744 0x631BB22: ??? (in /usr/lib/x86_64-linux-gnu/libcrypto.so.3)
             n1: 31744 0x6233AD7: EVP_RAND_instantiate (in /usr/lib/x86_64-linux-gnu/libcrypto.so.3)
              n1: 31744 0x6285A91: ??? (in /usr/lib/x86_64-linux-gnu/libcrypto.so.3)
               n1: 31744 0x6285C2B: RAND_get0_primary (in /usr/lib/x86_64-linux-gnu/libcrypto.so.3)
                n1: 31744 0x6285EF6: RAND_status (in /usr/lib/x86_64-linux-gnu/libcrypto.so.3)
                 n1: 31744 0x5C962CF: OQS_randombytes_openssl (in /home/anss/random/bench/install/lib/liboqs.so.0.15.0)
                  n1: 31744 0x49AABFF: PQCLEAN_MCELIECE348864_AVX2_crypto_kem_keypair (in /home/anss/random/bench/install/lib/liboqs.so.0.15.0)
                   n0: 31744 0x1092FB: main (in /home/anss/random/bench/mem_kem)
  n0: 25528 in 35 places, all below massif's threshold (1.00%)
  n2: 23760 0x62482DC: OPENSSL_LH_new (in /usr/lib/x86_64-linux-gnu/libcrypto.so.3)
   n1: 22704 0x628433F: ??? (in /usr/lib/x86_64-linux-gnu/libcrypto.so.3)
    n1: 22704 0x6227DB9: ??? (in /usr/lib/x86_64-linux-gnu/libcrypto.so.3)
     n1: 22704 0x6247CFB: ??? (in /usr/lib/x86_64-linux-gnu/libcrypto.so.3)
      n1: 22704 0x6247BBB: ??? (in /usr/lib/x86_64-linux-gnu/libcrypto.so.3)
       n1: 22704 0x62672DA: ??? (in /usr/lib/x86_64-linux-gnu/libcrypto.so.3)
        n1: 22704 0x63309E7: ??? (in /usr/lib/x86_64-linux-gnu/libcrypto.so.3)
         n2: 22704 0x633103D: ??? (in /usr/lib/x86_64-linux-gnu/libcrypto.so.3)
          n1: 21824 0x6228652: EVP_CIPHER_fetch (in /usr/lib/x86_64-linux-gnu/libcrypto.so.3)
           n1: 21824 0x631B6C4: ??? (in /usr/lib/x86_64-linux-gnu/libcrypto.so.3)
            n1: 21824 0x631BB22: ??? (in /usr/lib/x86_64-linux-gnu/libcrypto.so.3)
             n1: 21824 0x6233AD7: EVP_RAND_instantiate (in /usr/lib/x86_64-linux-gnu/libcrypto.so.3)
              n1: 21824 0x6285A91: ??? (in /usr/lib/x86_64-linux-gnu/libcrypto.so.3)
               n1: 21824 0x6285C2B: RAND_get0_primary (in /usr/lib/x86_64-linux-gnu/libcrypto.so.3)
                n1: 21824 0x6285EF6: RAND_status (in /usr/lib/x86_64-linux-gnu/libcrypto.so.3)
                 n1: 21824 0x5C962CF: OQS_randombytes_openssl (in /home/anss/random/bench/install/lib/liboqs.so.0.15.0)
                  n1: 21824 0x49AABFF: PQCLEAN_MCELIECE348864_AVX2_crypto_kem_keypair (in /home/anss/random/bench/install/lib/liboqs.so.0.15.0)
                   n0: 21824 0x1092FB: main (in /home/anss/random/bench/mem_kem)
          n0: 880 in 1 place, below massif's threshold (1.00%)
   n0: 1056 in 7 places, all below massif's threshold (1.00%)
  n2: 16896 0x62482F6: OPENSSL_LH_new (in /usr/lib/x86_64-linux-gnu/libcrypto.so.3)
   n1: 16512 0x628433F: ??? (in /usr/lib/x86_64-linux-gnu/libcrypto.so.3)
    n1: 16512 0x6227DB9: ??? (in /usr/lib/x86_64-linux-gnu/libcrypto.so.3)
     n1: 16512 0x6247CFB: ??? (in /usr/lib/x86_64-linux-gnu/libcrypto.so.3)
      n1: 16512 0x6247BBB: ??? (in /usr/lib/x86_64-linux-gnu/libcrypto.so.3)
       n1: 16512 0x62672DA: ??? (in /usr/lib/x86_64-linux-gnu/libcrypto.so.3)
        n1: 16512 0x63309E7: ??? (in /usr/lib/x86_64-linux-gnu/libcrypto.so.3)
         n2: 16512 0x633103D: ??? (in /usr/lib/x86_64-linux-gnu/libcrypto.so.3)
          n1: 15872 0x6228652: EVP_CIPHER_fetch (in /usr/lib/x86_64-linux-gnu/libcrypto.so.3)
           n1: 15872 0x631B6C4: ??? (in /usr/lib/x86_64-linux-gnu/libcrypto.so.3)
            n1: 15872 0x631BB22: ??? (in /usr/lib/x86_64-linux-gnu/libcrypto.so.3)
             n1: 15872 0x6233AD7: EVP_RAND_instantiate (in /usr/lib/x86_64-linux-gnu/libcrypto.so.3)
              n1: 15872 0x6285A91: ??? (in /usr/lib/x86_64-linux-gnu/libcrypto.so.3)
               n1: 15872 0x6285C2B: RAND_get0_primary (in /usr/lib/x86_64-linux-gnu/libcrypto.so.3)
                n1: 15872 0x6285EF6: RAND_status (in /usr/lib/x86_64-linux-gnu/libcrypto.so.3)
                 n1: 15872 0x5C962CF: OQS_randombytes_openssl (in /home/anss/random/bench/install/lib/liboqs.so.0.15.0)
                  n1: 15872 0x49AABFF: PQCLEAN_MCELIECE348864_AVX2_crypto_kem_keypair (in /home/anss/random/bench/install/lib/liboqs.so.0.15.0)
                   n0: 15872 0x1092FB: main (in /home/anss/random/bench/mem_kem)
          n0: 640 in 1 place, below massif's threshold (1.00%)
   n0: 384 in 7 places, all below massif's threshold (1.00%)
  n1: 9520 0x625E073: CRYPTO_THREAD_lock_new (in /usr/lib/x86_64-linux-gnu/libcrypto.so.3)
   n0: 9520 in 24 places, all below massif's threshold (1.00%)
 n0: 261120 0x109263: main (in /home/anss/random/bench/mem_kem)
 n2: 48000 0x6248625: OPENSSL_LH_insert (in /usr/lib/x86_64-linux-gnu/libcrypto.so.3)
  n2: 33912 0x6339B72: ??? (in /usr/lib/x86_64-linux-gnu/libcrypto.so.3)
   n1: 31944 0x6206BEF: ERR_load_strings_const (in /usr/lib/x86_64-linux-gnu/libcrypto.so.3)
    n0: 31944 in 33 places, all below massif's threshold (1.00%)
   n0: 1968 in 2 places, all below massif's threshold (1.00%)
  n0: 14088 in 7 places, all below massif's threshold (1.00%)
 n0: 25903 in 35 places, all below massif's threshold (1.00%)
 n1: 11264 0x62485D3: OPENSSL_LH_insert (in /usr/lib/x86_64-linux-gnu/libcrypto.so.3)
  n0: 11264 in 4 places, all below massif's threshold (1.00%)
#-----------
snapshot=33
#-----------
time=9004186
mem_heap_B=814135
mem_heap_extra_B=59265
mem_stacks_B=0
heap_tree=empty
#-----------
snapshot=34
#-----------
time=46241107
mem_heap_B=814391
mem_heap_extra_B=59273
mem_stacks_B=0
heap_tree=empty
#-----------
snapshot=35
#-----------
time=46589539
mem_heap_B=814135
mem_heap_extra_B=59265
mem_stacks_B=0
heap_tree=empty
#-----------
snapshot=36
#-----------
time=83824543
mem_heap_B=814391
mem_heap_extra_B=59273
mem_stacks_B=0
heap_tree=empty
#-----------
snapshot=37
#-----------
time=84172975
mem_heap_B=814135
mem_heap_extra_B=59265
mem_stacks_B=0
heap_tree=empty
#-----------
snapshot=38
#-----------
time=121408556
mem_heap_B=814391
mem_heap_extra_B=59273
mem_stacks_B=0
heap_tree=empty
#-----------
snapshot=39
#-----------
time=121756988
mem_heap_B=814135
mem_heap_extra_B=59265
mem_stacks_B=0
heap_tree=empty
#-----------
snapshot=40
#-----------
time=590764059
mem_heap_B=814391
mem_heap_extra_B=59273
mem_stacks_B=0
heap_tree=empty
#-----------
snapshot=41
#-----------
time=591225639
mem_heap_B=814391
mem_heap_extra_B=59273
mem_stacks_B=0
heap_tree=empty
#-----------
snapshot=42
#-----------
time=591351876
mem_heap_B=523371
mem_heap_extra_B=56293
mem_stacks_B=0
heap_tree=empty
#-----------
snapshot=43
#-----------
time=591546121
mem_heap_B=491479
mem_heap_extra_B=51929
mem_stacks_B=0
heap_tree=empty
#-----------
snapshot=44
#-----------
time=591827508
mem_heap_B=449073
mem_heap_extra_B=46079
mem_stacks_B=0
heap_tree=empty
#-----------
snapshot=45
#-----------
time=591985218
mem_heap_B=407991
mem_heap_extra_B=44977
mem_stacks_B=0
heap_tree=empty
#-----------
snapshot=46
#-----------
time=592198498
mem_heap_B=276919
mem_heap_extra_B=44945
mem_stacks_B=0
heap_tree=empty
#-----------
snapshot=47
#-----------
time=592305151
mem_heap_B=211383
mem_heap_extra_B=44929
mem_stacks_B=0
heap_tree=empty
#-----------
snapshot=48
#-----------
time=592518268
mem_heap_B=80311
mem_heap_extra_B=44897
mem_stacks_B=0
heap_tree=empty
#-----------
snapshot=49
#-----------
time=592642925
mem_heap_B=51392
mem_heap_extra_B=27872
mem_stacks_B=0
heap_tree=empty
#-----------
snapshot=50
#-----------
time=592749928
mem_heap_B=46064
mem_heap_extra_B=24320
mem_stacks_B=0
heap_tree=empty
#-----------
snapshot=51
#-----------
time=592856618
mem_heap_B=14320
mem_heap_extra_B=3984
mem_stacks_B=0
heap_tree=empty
